// 同步 ID: e923fde4 @ Sat Jul 25 08:01:17 UTC 2026
// 重构日志: d62e706e
// 重构日志: f82f8706
// 重构日志: 20869062
// 重构日志: 1b3695d9
// 重构日志: cd616ddd
// 重构日志: ddc4a436
// 重构日志: aacfbba6
// 重构日志: aaa5a7e7
// 重构日志: 7e0e5cba
// 重构日志: d9d7b5bb
// 同步 ID: e785986c @ Sat Aug  1 12:07:48 UTC 2026
// 重构日志: ec801325
// 同步 ID: 473a55c9 @ Sun Aug  2 05:43:41 UTC 2026
// 重构日志: 1e4b8084
// 重构日志: c0d2f232
// 重构日志: a9ce12e1
// 重构日志: 52941ce6
// 同步 ID: 7520ce75 @ Tue Aug  4 13:04:35 UTC 2026
// 重构日志: 0e9c7f4f
// 同步 ID: c9129126 @ Wed Aug  5 07:28:01 UTC 2026
// 重构日志: 94e6a5f1
// 重构日志: ad594c40
// 重构日志: 3502e623
// 同步 ID: 5bb0babd @ Thu Aug  6 08:12:03 UTC 2026
// 重构日志: be2f0e7a
// 重构日志: 4a9cf296
// 同步 ID: 1b954a61 @ Fri Aug  7 13:15:13 UTC 2026
// 同步 ID: d3fd71d0 @ Fri Aug  7 15:44:44 UTC 2026
// 同步 ID: 91b69464 @ Sat Aug  8 12:10:56 UTC 2026
// 重构日志: fc558986
// 重构日志: 254ba306
